[    0.000000] Initializing cgroup subsys cpuset
[    0.000000] Initializing cgroup subsys cpu
[    0.000000] Initializing cgroup subsys cpuacct
[    0.000000] Linux version 4.4.0-210-generic (buildd@lgw01-amd64-009) (gcc version 5.4.0 20160609 (Ubuntu 5.4.0-6ubuntu1~16.04.12) ) #242-Ubuntu SMP Fri Apr 16 09:57:56 UTC 2021 (Ubuntu 4.4.0-210.242-generic 4.4.262)
[    0.000000] Command line: BOOT_IMAGE=/boot/vmlinuz-4.4.0-210-generic root=LABEL=cloudimg-rootfs ro console=tty1 console=ttyS0
[    0.000000] KERNEL supported cpus:
[    0.000000]   Intel GenuineIntel
[    0.000000]   AMD AuthenticAMD
[    0.000000]   Centaur CentaurHauls
[    0.000000] x86/fpu: xstate_offset[2]:  576, xstate_sizes[2]:  256
[    0.000000] x86/fpu: Supporting XSAVE feature 0x01: 'x87 floating point registers'
[    0.000000] x86/fpu: Supporting XSAVE feature 0x02: 'SSE registers'
[    0.000000] x86/fpu: Supporting XSAVE feature 0x04: 'AVX registers'
[    0.000000] x86/fpu: Enabled xstate features 0x7, context size is 832 bytes, using 'standard' format.
[    0.000000] e820: BIOS-provided physical RAM map:
[    0.000000] BIOS-e820: [mem 0x0000000000000000-0x000000000009fbff] usable
[    0.000000] BIOS-e820: [mem 0x000000000009fc00-0x000000000009ffff] reserved
[    0.000000] BIOS-e820: [mem 0x00000000000f0000-0x00000000000fffff] reserved
[    0.000000] BIOS-e820: [mem 0x0000000000100000-0x000000003ffeffff] usable
[    0.000000] BIOS-e820: [mem 0x000000003fff0000-0x000000003fffffff] ACPI data
[    0.000000] BIOS-e820: [mem 0x00000000fec00000-0x00000000fec00fff] reserved
[    0.000000] BIOS-e820: [mem 0x00000000fee00000-0x00000000fee00fff] reserved
[    0.000000] BIOS-e820: [mem 0x00000000fffc0000-0x00000000ffffffff] reserved
[    0.000000] NX (Execute Disable) protection: active
[    0.000000] SMBIOS 2.5 present.
[    0.000000] Hypervisor detected: KVM
[    0.000000] e820: last_pfn = 0x3fff0 max_arch_pfn = 0x400000000
[    0.000000] MTRR: Disabled
[    0.000000] x86/PAT: MTRRs disabled, skipping PAT initialization too.
[    0.000000] CPU MTRRs all blank - virtualized system.
[    0.000000] x86/PAT: Configuration [0-7]: WB  WT  UC- UC  WB  WT  UC- UC  
[    0.000000] found SMP MP-table at [mem 0x0009fff0-0x0009ffff] mapped at [ffff88000009fff0]
[    0.000000] Scanning 1 areas for low memory corruption
[    0.000000] RAMDISK: [mem 0x362de000-0x37166fff]
[    0.000000] ACPI: Early table checksum verification disabled
[    0.000000] ACPI: RSDP 0x00000000000E0000 000024 (v02 VBOX  )
[    0.000000] ACPI: XSDT 0x000000003FFF0030 00003C (v01 VBOX   VBOXXSDT 00000001 ASL  00000061)
[    0.000000] ACPI: FACP 0x000000003FFF00F0 0000F4 (v04 VBOX   VBOXFACP 00000001 ASL  00000061)
[    0.000000] ACPI: DSDT 0x000000003FFF0470 002325 (v02 VBOX   VBOXBIOS 00000002 INTL 20100528)
[    0.000000] ACPI: FACS 0x000000003FFF0200 000040
[    0.000000] ACPI: FACS 0x000000003FFF0200 000040
[    0.000000] ACPI: APIC 0x000000003FFF0240 00005C (v02 VBOX   VBOXAPIC 00000001 ASL  00000061)
[    0.000000] ACPI: SSDT 0x000000003FFF02A0 0001CC (v01 VBOX   VBOXCPUT 00000002 INTL 20100528)
[    0.000000] No NUMA configuration found
[    0.000000] Faking a node at [mem 0x0000000000000000-0x000000003ffeffff]
[    0.000000] NODE_DATA(0) allocated [mem 0x3ffeb000-0x3ffeffff]
[    0.000000] kvm-clock: Using msrs 4b564d01 and 4b564d00
[    0.000000] kvm-clock: cpu 0, msr 0:3ffe3001, primary cpu clock
[    0.000000] kvm-clock: using sched offset of 3555213661 cycles
[    0.000000] clocksource: kvm-clock: mask: 0xffffffffffffffff max_cycles: 0x1cd42e4dffb, max_idle_ns: 881590591483 ns
[    0.000000] Zone ranges:
[    0.000000]   DMA      [mem 0x0000000000001000-0x0000000000ffffff]
[    0.000000]   DMA32    [mem 0x0000000001000000-0x000000003ffeffff]
[    0.000000]   Normal   empty
[    0.000000]   Device   empty
[    0.000000] Movable zone start for each node
[    0.000000] Early memory node ranges
[    0.000000]   node   0: [mem 0x0000000000001000-0x000000000009efff]
[    0.000000]   node   0: [mem 0x0000000000100000-0x000000003ffeffff]
[    0.000000] Initmem setup node 0 [mem 0x0000000000001000-0x000000003ffeffff]
[    0.000000] ACPI: PM-Timer IO Port: 0x4008
[    0.000000] IOAPIC[0]: apic_id 2, version 32, address 0xfec00000, GSI 0-23
[    0.000000] ACPI: INT_SRC_OVR (bus 0 bus_irq 0 global_irq 2 dfl dfl)
[    0.000000] ACPI: INT_SRC_OVR (bus 0 bus_irq 9 global_irq 9 low level)
[    0.000000] Using ACPI (MADT) for SMP configuration information
[    0.000000] smpboot: Allowing 2 CPUs, 0 hotplug CPUs
[    0.000000] PM: Registered nosave memory: [mem 0x00000000-0x00000fff]
[    0.000000] PM: Registered nosave memory: [mem 0x0009f000-0x0009ffff]
[    0.000000] PM: Registered nosave memory: [mem 0x000a0000-0x000effff]
[    0.000000] PM: Registered nosave memory: [mem 0x000f0000-0x000fffff]
[    0.000000] e820: [mem 0x40000000-0xfebfffff] available for PCI devices
[    0.000000] Booting paravirtualized kernel on KVM
[    0.000000] clocksource: refined-jiffies: mask: 0xffffffff max_cycles: 0xffffffff, max_idle_ns: 7645519600211568 ns
[    0.000000] setup_percpu: NR_CPUS:512 nr_cpumask_bits:512 nr_cpu_ids:2 nr_node_ids:1
[    0.000000] PERCPU: Embedded 33 pages/cpu @ffff88003fc00000 s95192 r8192 d31784 u1048576
[    0.000000] Built 1 zonelists in Node order, mobility grouping on.  Total pages: 257912
[    0.000000] Policy zone: DMA32
[    0.000000] Kernel command line: BOOT_IMAGE=/boot/vmlinuz-4.4.0-210-generic root=LABEL=cloudimg-rootfs ro console=tty1 console=ttyS0
[    0.000000] PID hash table entries: 4096 (order: 3, 32768 bytes)
[    0.000000] Memory: 997796K/1048120K available (8644K kernel code, 1332K rwdata, 4044K rodata, 1492K init, 1164K bss, 50324K reserved, 0K cma-reserved)
[    0.000000] SLUB: HWalign=64, Order=0-3, MinObjects=0, CPUs=2, Nodes=1
[    0.000000] Kernel/User page tables isolation: enabled
[    0.000000] Hierarchical RCU implementation.
[    0.000000] 	Build-time adjustment of leaf fanout to 64.
[    0.000000] 	RCU restricting CPUs from NR_CPUS=512 to nr_cpu_ids=2.
[    0.000000] RCU: Adjusting geometry for rcu_fanout_leaf=64, nr_cpu_ids=2
[    0.000000] NR_IRQS:33024 nr_irqs:440 16
[    0.000000] Console: colour VGA+ 80x25
[    0.000000] console [tty1] enabled
[    0.000000] console [ttyS0] enabled
[    0.000000] tsc: Detected 1799.999 MHz processor
[    0.579535] Calibrating delay loop (skipped) preset value.. 3599.99 BogoMIPS (lpj=7199996)
[    0.588190] pid_max: default: 32768 minimum: 301
[    0.592846] ACPI: Core revision 20150930
[    0.598524] ACPI: 2 ACPI AML tables successfully acquired and loaded
[    0.604994] Security Framework initialized
[    0.610784] Yama: becoming mindful.
[    0.614978] AppArmor: AppArmor initialized
[    0.619056] Dentry cache hash table entries: 131072 (order: 8, 1048576 bytes)
[    0.628870] Inode-cache hash table entries: 65536 (order: 7, 524288 bytes)
[    0.635408] Mount-cache hash table entries: 2048 (order: 2, 16384 bytes)
[    0.641611] Mountpoint-cache hash table entries: 2048 (order: 2, 16384 bytes)
[    0.648317] Initializing cgroup subsys io
[    0.652198] Initializing cgroup subsys memory
[    0.656322] Initializing cgroup subsys devices
[    0.660651] Initializing cgroup subsys freezer
[    0.664833] Initializing cgroup subsys net_cls
[    0.669090] Initializing cgroup subsys perf_event
[    0.673849] Initializing cgroup subsys net_prio
[    0.679384] Initializing cgroup subsys hugetlb
[    0.683920] Initializing cgroup subsys pids
[    0.700810] mce: CPU supports 0 MCE banks
[    0.705352] Last level iTLB entries: 4KB 64, 2MB 8, 4MB 8
[    0.710739] Last level dTLB entries: 4KB 64, 2MB 0, 4MB 0, 1GB 4
[    0.716279] Spectre V1 : Mitigation: usercopy/swapgs barriers and __user pointer sanitization
[    0.724969] Spectre V2 : Mitigation: Full generic retpoline
[    0.730837] Spectre V2 : Spectre v2 / SpectreRSB mitigation: Filling RSB on context switch
[    0.739279] Speculative Store Bypass: Vulnerable
[    0.743890] SRBDS: Unknown: Dependent on hypervisor status
[    0.749517] MDS: Mitigation: Clear CPU buffers
[    0.756917] Freeing SMP alternatives memory: 36K
[    0.768887] ftrace: allocating 32380 entries in 127 pages
[    0.842750] smpboot: APIC(0) Converting physical 0 to logical package 0
[    0.851446] smpboot: Max logical packages: 1
[    0.856844] x2apic enabled
[    0.860242] Switched APIC routing to physical x2apic.
[    0.866521] ..TIMER: vector=0x30 apic1=0 pin1=2 apic2=-1 pin2=-1
[    0.980993] smpboot: CPU0: Intel(R) Core(TM) i5-8250U CPU @ 1.60GHz (family: 0x6, model: 0x8e, stepping: 0xa)
[    0.991980] Performance Events: unsupported p6 CPU model 142 no PMU driver, software events only.
[    1.022055] KVM setup paravirtual spinlock
[    1.028155] x86: Booting SMP configuration:
[    1.032931] .... node  #0, CPUs:      #1
[    1.037479] kvm-clock: cpu 1, msr 0:3ffe3041, secondary cpu clock
[    1.055960] mce: CPU supports 0 MCE banks
[    1.063003] x86: Booted up 1 node, 2 CPUs
[    1.067174] smpboot: Total of 2 processors activated (7199.99 BogoMIPS)
[    1.073977] devtmpfs: initialized
[    1.078977] evm: security.selinux
[    1.082275] evm: security.SMACK64
[    1.085590] evm: security.SMACK64EXEC
[    1.089657] evm: security.SMACK64TRANSMUTE
[    1.093973] evm: security.SMACK64MMAP
[    1.098091] evm: security.ima
[    1.101312] evm: security.capability
[    1.105176] clocksource: jiffies: mask: 0xffffffff max_cycles: 0xffffffff, max_idle_ns: 7645041785100000 ns
[    1.115079] futex hash table entries: 512 (order: 3, 32768 bytes)
[    1.121443] pinctrl core: initialized pinctrl subsystem
[    1.126925] RTC time: 14:03:07, date: 06/17/21
[    1.131942] NET: Registered protocol family 16
[    1.148506] cpuidle: using governor ladder
[    1.168024] cpuidle: using governor menu
[    1.176953] PCCT header not found.
[    1.182042] ACPI: bus type PCI registered
[    1.186208] acpiphp: ACPI Hot Plug PCI Controller Driver version: 0.5
[    1.193347] PCI: Using configuration type 1 for base access
[    1.213932] ACPI: Added _OSI(Module Device)
[    1.218854] ACPI: Added _OSI(Processor Device)
[    1.223285] ACPI: Added _OSI(3.0 _SCP Extensions)
[    1.228721] ACPI: Added _OSI(Processor Aggregator Device)
[    1.235377] ACPI: Executed 1 blocks of module-level executable AML code
[    1.245530] ACPI: Interpreter enabled
[    1.249674] ACPI: (supports S0 S5)
[    1.253235] ACPI: Using IOAPIC for interrupt routing
[    1.258719] PCI: Using host bridge windows from ACPI; if necessary, use "pci=nocrs" and report a bug
[    1.272328] ACPI: PCI Root Bridge [PCI0] (domain 0000 [bus 00-ff])
[    1.279638] acpi PNP0A03:00: _OSC: OS supports [ASPM ClockPM Segments MSI]
[    1.286594] acpi PNP0A03:00: _OSC: not requesting OS control; OS requires [ExtendedConfig ASPM ClockPM MSI]
[    1.297001] acpi PNP0A03:00: fail to add MMCONFIG information, can't access extended PCI configuration space under this bridge.
[    1.309362] PCI host bridge to bus 0000:00
[    1.313360] pci_bus 0000:00: root bus resource [io  0x0000-0x0cf7 window]
[    1.319868] pci_bus 0000:00: root bus resource [io  0x0d00-0xffff window]
[    1.326277] pci_bus 0000:00: root bus resource [mem 0x000a0000-0x000bffff window]
[    1.334663] pci_bus 0000:00: root bus resource [mem 0x40000000-0xfdffffff window]
[    1.394752] pci_bus 0000:00: root bus resource [bus 00-ff]
[    1.441169] pci 0000:00:01.1: legacy IDE quirk: reg 0x10: [io  0x01f0-0x01f7]
[    1.448477] pci 0000:00:01.1: legacy IDE quirk: reg 0x14: [io  0x03f6]
[    1.455227] pci 0000:00:01.1: legacy IDE quirk: reg 0x18: [io  0x0170-0x0177]
[    1.475282] pci 0000:00:01.1: legacy IDE quirk: reg 0x1c: [io  0x0376]
[    1.503197] pci 0000:00:07.0: quirk: [io  0x4000-0x403f] claimed by PIIX4 ACPI
[    1.513546] pci 0000:00:07.0: quirk: [io  0x4100-0x410f] claimed by PIIX4 SMB
[    1.533097] ACPI: PCI Interrupt Link [LNKA] (IRQs 5 9 10 *11)
[    1.540646] ACPI: PCI Interrupt Link [LNKB] (IRQs 5 9 *10 11)
[    1.547236] ACPI: PCI Interrupt Link [LNKC] (IRQs 5 *9 10 11)
[    1.553653] ACPI: PCI Interrupt Link [LNKD] (IRQs 5 9 10 *11)
[    1.560175] ACPI: Enabled 2 GPEs in block 00 to 07
[    1.565423] vgaarb: setting as boot device: PCI:0000:00:02.0
[    1.571200] vgaarb: device added: PCI:0000:00:02.0,decodes=io+mem,owns=io+mem,locks=none
[    1.579702] vgaarb: loaded
[    1.582562] vgaarb: bridge control possible 0000:00:02.0
[    1.588570] SCSI subsystem initialized
[    1.592678] ACPI: bus type USB registered
[    1.596829] usbcore: registered new interface driver usbfs
[    1.602552] usbcore: registered new interface driver hub
[    1.607995] usbcore: registered new device driver usb
[    1.617038] PCI: Using ACPI for IRQ routing
[    1.622256] NetLabel: Initializing
[    1.625772] NetLabel:  domain hash size = 128
[    1.630448] NetLabel:  protocols = UNLABELED CIPSOv4
[    1.635566] NetLabel:  unlabeled traffic allowed by default
[    1.641734] amd_nb: Cannot enumerate AMD northbridges
[    1.647219] clocksource: Switched to clocksource kvm-clock
[    1.663845] AppArmor: AppArmor Filesystem Enabled
[    1.669375] pnp: PnP ACPI init
[    1.673623] pnp: PnP ACPI: found 3 devices
[    1.688660] clocksource: acpi_pm: mask: 0xffffff max_cycles: 0xffffff, max_idle_ns: 2085701024 ns
[    1.698757] NET: Registered protocol family 2
[    1.703519] TCP established hash table entries: 8192 (order: 4, 65536 bytes)
[    1.710832] TCP bind hash table entries: 8192 (order: 5, 131072 bytes)
[    1.717576] TCP: Hash tables configured (established 8192 bind 8192)
[    1.724047] UDP hash table entries: 512 (order: 2, 16384 bytes)
[    1.730334] UDP-Lite hash table entries: 512 (order: 2, 16384 bytes)
[    1.737036] NET: Registered protocol family 1
[    1.741864] pci 0000:00:00.0: Limiting direct PCI/PCI transfers
[    1.748288] pci 0000:00:01.0: Activating ISA DMA hang workarounds
[    1.754538] Unpacking initramfs...
[    2.005405] Freeing initrd memory: 14884K
[    2.011994] clocksource: tsc: mask: 0xffffffffffffffff max_cycles: 0x19f228ab7a2, max_idle_ns: 440795289252 ns
[    2.021827] platform rtc_cmos: registered platform RTC device (no PNP device found)
[    2.029745] Scanning for low memory corruption every 60 seconds
[    2.035885] audit: initializing netlink subsys (disabled)
[    2.042153] audit: type=2000 audit(1623938592.442:1): initialized
[    2.050658] Initialise system trusted keyring
[    2.057017] HugeTLB registered 2 MB page size, pre-allocated 0 pages
[    2.065113] zbud: loaded
[    2.068244] VFS: Disk quotas dquot_6.6.0
[    2.072474] VFS: Dquot-cache hash table entries: 512 (order 0, 4096 bytes)
[    2.079821] squashfs: version 4.0 (2009/01/31) Phillip Lougher
[    2.086292] fuse init (API version 7.23)
[    2.091129] Key type big_key registered
[    2.095331] Allocating IMA MOK and blacklist keyrings.
[    2.102991] Key type asymmetric registered
[    2.108081] Asymmetric key parser 'x509' registered
[    2.126827] Block layer SCSI generic (bsg) driver version 0.4 loaded (major 249)
[    2.134301] io scheduler noop registered
[    2.138117] io scheduler deadline registered (default)
[    2.143094] io scheduler cfq registered
[    2.146887] pci_hotplug: PCI Hot Plug PCI Core version: 0.5
[    2.152174] pciehp: PCI Express Hot Plug Controller Driver version: 0.4
[    2.158838] ACPI: AC Adapter [AC] (on-line)
[    2.162895] input: Power Button as /devices/LNXSYSTM:00/LNXPWRBN:00/input/input0
[    2.170102] ACPI: Power Button [PWRF]
[    2.173811] input: Sleep Button as /devices/LNXSYSTM:00/LNXSLPBN:00/input/input1
[    2.180985] ACPI: Sleep Button [SLPF]
[    2.184749] GHES: HEST is not enabled!
[    2.188154] ACPI: Battery Slot [BAT0] (battery present)
[    2.193665] Serial: 8250/16550 driver, 32 ports, IRQ sharing enabled
[    2.220310] 00:02: ttyS0 at I/O 0x3f8 (irq = 4, base_baud = 115200) is a 16550A
[    2.229705] Linux agpgart interface v0.103
[    2.235082] loop: module loaded
[    2.238938] scsi host0: ata_piix
[    2.242475] scsi host1: ata_piix
[    2.245719] ata1: PATA max UDMA/33 cmd 0x1f0 ctl 0x3f6 bmdma 0xd000 irq 14
[    2.252122] ata2: PATA max UDMA/33 cmd 0x170 ctl 0x376 bmdma 0xd008 irq 15
[    2.259095] libphy: Fixed MDIO Bus: probed
[    2.263008] tun: Universal TUN/TAP device driver, 1.6
[    2.267780] tun: (C) 1999-2004 Max Krasnyansky <maxk@qualcomm.com>
[    2.273659] PPP generic driver version 2.4.2
[    2.277905] ehci_hcd: USB 2.0 'Enhanced' Host Controller (EHCI) Driver
[    2.283992] ehci-pci: EHCI PCI platform driver
[    2.288357] ehci-platform: EHCI generic platform driver
[    2.293430] ohci_hcd: USB 1.1 'Open' Host Controller (OHCI) Driver
[    2.299210] ohci-pci: OHCI PCI platform driver
[    2.303516] ohci-platform: OHCI generic platform driver
[    2.308605] uhci_hcd: USB Universal Host Controller Interface driver
[    2.314547] i8042: PNP: PS/2 Controller [PNP0303:PS2K,PNP0f03:PS2M] at 0x60,0x64 irq 1,12
[    2.322912] serio: i8042 KBD port at 0x60,0x64 irq 1
[    2.327642] serio: i8042 AUX port at 0x60,0x64 irq 12
[    2.332522] mousedev: PS/2 mouse device common for all mice
[    2.338290] rtc_cmos rtc_cmos: rtc core: registered rtc_cmos as rtc0
[    2.344366] input: AT Translated Set 2 keyboard as /devices/platform/i8042/serio0/input/input2
[    2.352649] rtc_cmos rtc_cmos: alarms up to one day, 114 bytes nvram
[    2.358772] i2c /dev entries driver
[    2.362501] device-mapper: uevent: version 1.0.3
[    2.367144] device-mapper: ioctl: 4.34.0-ioctl (2015-10-28) initialised: dm-devel@redhat.com
[    2.375332] ledtrig-cpu: registered to indicate activity on CPUs
[    2.381536] NET: Registered protocol family 10
[    2.386096] NET: Registered protocol family 17
[    2.390540] Key type dns_resolver registered
[    2.395288] registered taskstats version 1
[    2.399269] Loading compiled-in X.509 certificates
[    2.404484] Loaded X.509 cert 'Build time autogenerated kernel key: cf00e047681d67edb2720680708b7d9498083038'
[    2.414193] zswap: loaded using pool lzo/zbud
[    2.436297] Key type trusted registered
[    2.444870] Key type encrypted registered
[    2.449878] AppArmor: AppArmor sha1 policy hashing enabled
[    2.455185] ima: No TPM chip found, activating TPM-bypass!
[    2.460962] ima: Allocated hash algorithm: sha1
[    2.465767] evm: HMAC attrs: 0x1
[    2.469887]   Magic number: 9:275:81
[    2.474043] rtc_cmos rtc_cmos: setting system clock to 2021-06-17 14:03:09 UTC (1623938589)
[    2.482909] BIOS EDD facility v0.16 2004-Jun-25, 0 devices found
[    2.489085] EDD information not available.
[    2.495269] Freeing unused kernel memory: 1492K
[    2.511525] Write protecting the kernel read-only data: 14336k
[    2.518017] Freeing unused kernel memory: 1584K
[    2.522902] Freeing unused kernel memory: 52K
Loading, please wait...
starting version 229
[    2.539841] random: systemd-udevd: uninitialized urandom read (16 bytes read, 5 bits of entropy available)
[    2.540524] random: udevadm: uninitialized urandom read (16 bytes read, 5 bits of entropy available)
[    2.540569] random: udevadm: uninitialized urandom read (16 bytes read, 5 bits of entropy available)
[    2.551768] random: udevadm: uninitialized urandom read (16 bytes read, 5 bits of entropy available)
[    2.551821] random: udevadm: uninitialized urandom read (16 bytes read, 5 bits of entropy available)
[    2.552025] random: udevadm: uninitialized urandom read (16 bytes read, 5 bits of entropy available)
[    2.552111] random: udevadm: uninitialized urandom read (16 bytes read, 5 bits of entropy available)
[    2.552196] random: udevadm: uninitialized urandom read (16 bytes read, 5 bits of entropy available)
[    2.552282] random: udevadm: uninitialized urandom read (16 bytes read, 5 bits of entropy available)
[    2.552363] random: udevadm: uninitialized urandom read (16 bytes read, 5 bits of entropy available)
[    2.690533] e1000: Intel(R) PRO/1000 Network Driver - version 7.3.21-k8-NAPI
[    2.698454] e1000: Copyright (c) 1999-2006 Intel Corporation.
[    2.706026] Fusion MPT base driver 3.04.20
[    2.710531] Copyright (c) 1999-2008 LSI Corporation
[    2.722940] Fusion MPT SPI Host driver 3.04.20
[    2.745566] AVX2 version of gcm_enc/dec engaged.
[    2.751147] AES CTR mode by8 optimization enabled
[    2.935714] input: ImExPS/2 Generic Explorer Mouse as /devices/platform/i8042/serio1/input/input4
[    3.113950] e1000 0000:00:03.0 eth0: (PCI:33MHz:32-bit) 02:ed:98:3c:8e:82
[    3.123269] e1000 0000:00:03.0 eth0: Intel(R) PRO/1000 Network Connection
[    3.517213] e1000 0000:00:08.0 eth1: (PCI:33MHz:32-bit) 08:00:27:cd:56:26
[    3.527093] e1000 0000:00:08.0 eth1: Intel(R) PRO/1000 Network Connection
[    3.535781] e1000 0000:00:08.0 enp0s8: renamed from eth1
[    3.539324] mptbase: ioc0: Initiating bringup
[    3.555848] e1000 0000:00:03.0 enp0s3: renamed from eth0
[    4.020086] ioc0: LSI53C1030 A0: Capabilities={Initiator}
[    5.439496] scsi host2: ioc0: LSI53C1030 A0, FwRev=00000000h, Ports=1, MaxQ=256, IRQ=20
[    6.813936] scsi 2:0:0:0: Direct-Access     VBOX     HARDDISK         1.0  PQ: 0 ANSI: 5
[    6.833913] scsi target2:0:0: Beginning Domain Validation
[    6.842317] scsi target2:0:0: Domain Validation skipping write tests
[    6.848620] scsi target2:0:0: Ending Domain Validation
[    6.853649] scsi target2:0:0: asynchronous
[    6.859417] scsi 2:0:1:0: Direct-Access     VBOX     HARDDISK         1.0  PQ: 0 ANSI: 5
[    6.880689] scsi target2:0:1: Beginning Domain Validation
[    6.888617] scsi target2:0:1: Domain Validation skipping write tests
[    6.894793] scsi target2:0:1: Ending Domain Validation
[    6.900469] scsi target2:0:1: asynchronous
[    6.920028] sd 2:0:0:0: [sda] 83886080 512-byte logical blocks: (42.9 GB/40.0 GiB)
[    6.920100] sd 2:0:0:0: Attached scsi generic sg0 type 0
[    6.929407] sd 2:0:1:0: Attached scsi generic sg1 type 0
[    6.929805] sd 2:0:1:0: [sdb] 20480 512-byte logical blocks: (10.5 MB/10.0 MiB)
[    6.930120] sd 2:0:1:0: [sdb] Write Protect is off
[    6.930336] sd 2:0:1:0: [sdb] Incomplete mode parameter data
[    6.930337] sd 2:0:1:0: [sdb] Assuming drive cache: write through
[    6.933286] sd 2:0:1:0: [sdb] Attached SCSI disk
[    6.971978] sd 2:0:0:0: [sda] Write Protect is off
[    6.978090] sd 2:0:0:0: [sda] Incomplete mode parameter data
[    6.983549] sd 2:0:0:0: [sda] Assuming drive cache: write through
[    6.991655]  sda: sda1
[    6.995584] sd 2:0:0:0: [sda] Attached SCSI disk
Begin: Loading essential drivers ... [    8.500172] md: linear personality registered for level -1
[    8.508594] md: multipath personality registered for level -4
[    8.516224] md: raid0 personality registered for level 0
[    8.524826] md: raid1 personality registered for level 1
[    8.599584] raid6: sse2x1   gen() 11613 MB/s
[    8.671275] raid6: sse2x1   xor()  7355 MB/s
[    8.743267] raid6: sse2x2   gen() 13373 MB/s
[    8.815312] raid6: sse2x2   xor()  9896 MB/s
[    8.887497] raid6: sse2x4   gen() 16174 MB/s
[    8.959771] raid6: sse2x4   xor() 10650 MB/s
[    9.031497] raid6: avx2x1   gen() 19922 MB/s
[    9.103247] raid6: avx2x2   gen() 25361 MB/s
[    9.175450] raid6: avx2x4   gen() 27857 MB/s
[    9.182124] raid6: using algorithm avx2x4 gen() 27857 MB/s
[    9.187833] raid6: using avx2x2 recovery algorithm
[    9.194252] xor: automatically using best checksumming function:
[    9.239577]    avx       : 25677.000 MB/sec
[    9.246822] async_tx: api initialized (async)
[    9.259837] md: raid6 personality registered for level 6
[    9.266196] md: raid5 personality registered for level 5
[    9.271295] md: raid4 personality registered for level 4
[    9.282935] md: raid10 personality registered for level 10
done.
Begin: Running /scripts/init-premount ... done.
Begin: Mounting root file system ... Begin: Running /scripts/local-top ... done.
Begin: Running /scripts/local-premount ... [    9.320395] Btrfs loaded
Scanning for Btrfs filesystems
done.
Warning: fsck not present, so skipping root file system
[    9.355619] EXT4-fs (sda1): mounted filesystem with ordered data mode. Opts: (null)
done.
Begin: Running /scripts/local-bottom ... done.
Begin: Running /scripts/init-bottom ... done.
[    9.475373] systemd[1]: systemd 229 running in system mode. (+PAM +AUDIT +SELINUX +IMA +APPARMOR +SMACK +SYSVINIT +UTMP +LIBCRYPTSETUP +GCRYPT +GNUTLS +ACL +XZ -LZ4 +SECCOMP +BLKID +ELFUTILS +KMOD -IDN)
[    9.494452] systemd[1]: Detected virtualization oracle.
[    9.500148] systemd[1]: Detected architecture x86-64.

Welcome to [1mUbuntu 16.04.7 LTS[0m!

[    9.516543] systemd[1]: Set hostname to <ubuntu>.
[    9.528665] systemd[1]: Initializing machine ID from random generator.
[    9.535606] systemd[1]: Installed transient /etc/machine-id file.
[    9.702554] systemd[1]: Listening on LVM2 poll daemon socket.
[[0;32m  OK  [0m] Listening on LVM2 poll daemon socket.
[    9.716750] systemd[1]: Listening on udev Kernel Socket.
[[0;32m  OK  [0m] Listening on udev Kernel Socket.
[    9.736414] systemd[1]: Listening on Journal Socket.
[[0;32m  OK  [0m] Listening on Journal Socket.
[    9.756187] systemd[1]: Reached target System Time Synchronized.
[[0;32m  OK  [0m] Reached target System Time Synchronized.
[    9.767896] systemd[1]: Reached target User and Group Name Lookups.
[[0;32m  OK  [0m] Reached target User and Group Name Lookups.
[    9.783635] systemd[1]: Started Forward Password Requests to Wall Directory Watch.
[[0;32m  OK  [0m] Started Forward Password Requests to Wall Directory Watch.
[    9.800189] systemd[1]: Listening on Device-mapper event daemon FIFOs.
[[0;32m  OK  [0m] Listening on Device-mapper event daemon FIFOs.
[    9.816130] systemd[1]: Listening on Journal Audit Socket.
[[0;32m  OK  [0m] Listening on Journal Audit Socket.
[    9.828172] systemd[1]: Set up automount Arbitrary Executable File Formats File System Automount Point.
[[0;32m  OK  [0m] Set up automount Arbitrary Executab...ats File System Automount Point.
[    9.843770] systemd[1]: Created slice System Slice.
[[0;32m  OK  [0m] Created slice System Slice.
[    9.872191] systemd[1]: Starting Create list of required static device nodes for the current kernel...
         Starting Create list of required st... nodes for the current kernel...
[    9.886857] systemd[1]: Mounting POSIX Message Queue File System...
         Mounting POSIX Message Queue File System...
[    9.900048] systemd[1]: Starting Uncomplicated firewall...
         Starting Uncomplicated firewall...
[    9.912668] systemd[1]: Mounting Debug File System...
         Mounting Debug File System...
[    9.923998] systemd[1]: Starting Nameserver information manager...
         Starting Nameserver information manager...
[    9.939916] systemd[1]: Listening on Syslog Socket.
[[0;32m  OK  [0m] Listening on Syslog Socket.
[    9.951655] systemd[1]: Listening on udev Control Socket.
[[0;32m  OK  [0m] Listening on udev Control Socket.
[    9.963853] systemd[1]: Reached target Swap.
[[0;32m  OK  [0m] Reached target Swap.
[    9.983454] systemd[1]: Started Trigger resolvconf update for networkd DNS.
[[0;32m  OK  [0m] Started Trigger resolvconf update for networkd DNS.
[    9.999425] systemd[1]: Listening on Journal Socket (/dev/log).
[[0;32m  OK  [0m] Listening on Journal Socket (/dev/log).
[   10.024533] systemd[1]: Starting Journal Service...
[   10.037906] random: nonblocking pool is initialized
         Starting Journal Service...
[   10.046612] systemd[1]: Mounting Huge Pages File System...
         Mounting Huge Pages File System...
[   10.060107] systemd[1]: Starting Set console keymap...
         Starting Set console keymap...
[   10.075782] systemd[1]: Listening on LVM2 metadata daemon socket.
[[0;32m  OK  [0m] Listening on LVM2 metadata daemon socket.
[   10.086905] systemd[1]: Starting Monitoring of LVM2 mirrors, snapshots etc. using dmeventd or progress polling...
         Starting Monitoring of LVM2 mirrors... dmeventd or progress polling...
[   10.108044] systemd[1]: Created slice system-serial\x2dgetty.slice.
[[0;32m  OK  [0m] Created slice system-serial\x2dgetty.slice.
[   10.123826] systemd[1]: Listening on /dev/initctl Compatibility Named Pipe.
[[0;32m  OK  [0m] Listening on /dev/initctl Compatibility Named Pipe.
[   10.139870] systemd[1]: Reached target Encrypted Volumes.
[[0;32m  OK  [0m] Reached target Encrypted Volumes.
[   10.152206] systemd[1]: Listening on fsck to fsckd communication Socket.
[[0;32m  OK  [0m] Listening on fsck to fsckd communication Socket.
[   10.184476] systemd[1]: Starting File System Check on Root Device...
         Starting File System Check on Root Device...
[   10.213891] systemd[1]: Starting Load Kernel Modules...
         Starting Load Kernel Modules...
[   10.227481] Loading iSCSI transport class v2.0-870.
[   10.227546] systemd[1]: Created slice User and Session Slice.
[[0;32m  OK  [0m] Created slice User and Session Slice.
[   10.243483] iscsi: registered transport (tcp)
[   10.251407] systemd[1]: Reached target Slices.
[[0;32m  OK  [0m] Reached target Slices.
[   10.276853] iscsi: registered transport (iser)
[   10.284345] systemd[1]: Mounted POSIX Message Queue File System.
[[0;32m  OK  [0m] Mounted POSIX Message Queue File System.
[   10.296348] systemd[1]: Mounted Debug File System.
[[0;32m  OK  [0m] Mounted Debug File System.
[   10.307385] systemd[1]: Mounted Huge Pages File System.
[[0;32m  OK  [0m] Mounted Huge Pages File System.
[   10.319742] systemd[1]: Started Journal Service.
[[0;32m  OK  [0m] Started Journal Service.
[[0;32m  OK  [0m] Started Create list of required sta...ce nodes for the current kernel.
[[0;32m  OK  [0m] Started Uncomplicated firewall.
[[0;32m  OK  [0m] Started Set console keymap.
[[0;32m  OK  [0m] Started File System Check on Root Device.
[[0;32m  OK  [0m] Started Load Kernel Modules.
[[0;32m  OK  [0m] Started Nameserver information manager.
[[0;32m  OK  [0m] Started LVM2 metadata daemon.
[[0;32m  OK  [0m] Started File System Check Daemon to report status.
         Mounting FUSE Control File System...
         Starting Apply Kernel Variables...
         Starting Remount Root and Kernel File Systems...
         Starting Create Static Device Nodes in /dev...
[[0;32m  OK  [0m] Mounted FUSE Control File System.
[[0;32m  OK  [0m] Started Apply Kernel Variables.
[[0;32m  OK  [0m] Started Remount Root and Kernel File Systems.
[[0;32m  OK  [0m] Started Create Static Device Nodes in /dev.
         Starting udev Kernel Device Manager...
         Starting udev Coldplug all Devices...
         Starting Flush Journal to Persistent Storage...
         Starting Load/Save Random Seed...
[[0;32m  OK  [0m] Started Load/Save Random Seed.
[[0;32m  OK  [0m] Started Flush Journal to Persistent Storage.
[[0;32m  OK  [0m] Started udev Kernel Device Manager.
[[0;32m  OK  [0m] Started udev Coldplug all Devices.
[[0;32m  OK  [0m] Started Dispatch Password Requests to Console Directory Watch.
[[0;32m  OK  [0m] Found device /dev/ttyS0.
[[0;32m  OK  [0m] Listening on Load/Save RF Kill Switch Status /dev/rfkill Watch.
[[0;32m  OK  [0m] Started Monitoring of LVM2 mirrors,...ng dmeventd or progress polling.
[[0;32m  OK  [0m] Reached target Local File Systems (Pre).
[[0;32m  OK  [0m] Reached target Local File Systems.
         Starting LSB: AppArmor initialization...
         Starting Tell Plymouth To Write Out Runtime Data...
         Starting Initial cloud-init job (pre-networking)...
         Starting Commit a transient machine-id on disk...
         Starting Create Volatile Files and Directories...
         Starting Set console font and keymap...
[[0;32m  OK  [0m] Started Tell Plymouth To Write Out Runtime Data.
[[0;32m  OK  [0m] Started Create Volatile Files and Directories.
[[0;32m  OK  [0m] Started Commit a transient machine-id on disk.
         Starting Update UTMP about System Boot/Shutdown...
[[0;32m  OK  [0m] Started Update UTMP about System Boot/Shutdown.
[[0;32m  OK  [0m] Started Set console font and keymap.
[[0;32m  OK  [0m] Created slice system-getty.slice.
[   12.020451] cloud-init[619]: Cloud-init v. 21.1-19-gbad84ad4-0ubuntu1~16.04.2 running 'init-local' at Thu, 17 Jun 2021 14:03:19 +0000. Up 11.52 seconds.
[[0;32m  OK  [0m] Started Initial cloud-init job (pre-networking).
[[0;32m  OK  [0m] Reached target Network (Pre).
[[0;32m  OK  [0m] Started LSB: AppArmor initialization.
         Starting Raise network interfaces...
         Starting Load AppArmor profiles managed internally by snapd...
[[0;32m  OK  [0m] Started Load AppArmor profiles managed internally by snapd.
[[0;32m  OK  [0m] Started Raise network interfaces.
         Starting Initial cloud-init job (metadata service crawler)...
[[0;32m  OK  [0m] Reached target Network.
[   13.765998] cloud-init[947]: Cloud-init v. 21.1-19-gbad84ad4-0ubuntu1~16.04.2 running 'init' at Thu, 17 Jun 2021 14:03:21 +0000. Up 13.20 seconds.
[   13.772861] cloud-init[947]: ci-info: ++++++++++++++++++++++++++++++++++++++Net device info+++++++++++++++++++++++++++++++++++++++
[   13.780703] cloud-init[947]: ci-info: +--------+-------+----------------------------+---------------+--------+-------------------+
[   13.788436] cloud-init[947]: ci-info: | Device |   Up  |          Address           |      Mask     | Scope  |     Hw-Address    |
[   13.797393] cloud-init[947]: ci-info: +--------+-------+----------------------------+---------------+--------+-------------------+
[   13.805080] cloud-init[947]: ci-info: | enp0s3 |  True |         10.0.2.15          | 255.255.255.0 | global | 02:ed:98:3c:8e:82 |
[   13.813369] cloud-init[947]: ci-info: | enp0s3 |  True | fe80::ed:98ff:fe3c:8e82/64 |       .       |  link  | 02:ed:98:3c:8e:82 |
[   13.820766] cloud-init[947]: ci-info: | enp0s8 | False |             .              |       .       |   .    | 08:00:27:cd:56:26 |
[   13.822883] cloud-init[947]: ci-info: |   lo   |  True |         127.0.0.1          |   255.0.0.0   |  host  |         .         |
[   13.836756] cloud-init[947]: ci-info: |   lo   |  True |          ::1/128           |       .       |  host  |         .         |
[[0;32m  OK  [0m] Started Initial cloud-init job (metadata service crawler).
[   13.837019] cloud-init[947]: ci-info: +--------+-------+----------------------------+---------------+--------+-------------------+
[   13.856399] cloud-init[947]: ci-info: +++++++++++++++++++++++++++Route IPv4 info++++++++++++++++++++++++++++
[   13.856657] cloud-init[947]: ci-info: +-------+-------------+----------+---------------+-----------+-------+[
[0;32m  OK  [0m] Reached target Network is Online.
[   13.856712] cloud-init[947]: ci-info: | Route | Destination | Gateway  |    Genmask    | Interface | Flags |
[   13.881263] cloud-init[947]: ci-info: +-------+-------------+----------+---------------+-----------+-------+
[   13.885281] cloud-init[947]: ci-info: |   0   |   0.0.0.0   | 10.0.2.2 |    0.0.0.0    |   enp0s3  |   UG  |
[   13.885798] cloud-init[947]: ci-info: |   1   |   10.0.2.0  | 0.0.0.0  | 255.255.255.0 |   enp0s3  |   U   |
         Starting iSCSI initiator daemon (iscsid)...
[[   13.885959] [0;32m  OK  [0mcloud-init] [947]: Reached target Cloud-config availability.ci-info: +-------+-------------+----------+---------------+-----------+-------+

[   13.904288] cloud-init[947]: ci-info: +++++++++++++++++++Route IPv6 info+++++++++++++++++++
[   13.904543] cloud-init[947]: [ci-info: +-------+-------------+---------+-----------+-------+[0;32m  OK  [0m
] Reached target System Initialization.
         Starting Socket activation for snappy daemon.
[   13.904626] cloud-init[947]: ci-info: | Route | Destination | Gateway | Interface | Flags |
[   13.920597] cloud-init[947]: ci-info: +-------+-------------+---------+-----------+-------+
[   13.920877] cloud-init[[947]: [0;32m  OK  [0mci-info: |   0   |  fe80::/64  |    ::   |   enp0s3  |   U   |] 
Started Daily apt download activities.
[   13.921491] cloud-init[947]: ci-info: |   3   |   ff00::/8  |    ::   |   enp0s3  |   U   |
[   13.936266] cloud-init[947]: ci-info: +-------+-------------+---------+-----------+-------+
[   13.936528] [cloud-init[0;32m  OK  [0m[947]: ] Generating public/private rsa key pair.Started ACPI Events Check.

[[   13.936589] [0;32m  OK  [0mcloud-init] [947]: Reached target Paths.Your identification has been saved in /etc/ssh/ssh_host_rsa_key.

[   13.946705] cloud-init[947]: Your public key has been saved in /etc/ssh/ssh_host_rsa_key.pub.
[   13.946953] cloud-init[947]: The key fingerprint is:
         Starting LXD - unix socket.
[[   13.947047] [0;32m  OK  [0mcloud-init] [947]: Listening on D-Bus System Message Bus Socket.SHA256:dc199xfgs1HhowwEd5+A1LBzxr6fGA0S1KVGJEQyXoo root@ubuntu-xenial

[[   13.956704] [0;32m  OK  [0mcloud-init] [947]: Started Message of the Day.The key's randomart image is:

[   13.973064] cloud-init[947]: +---[RSA 2048]----+
[   13.973302] cloud-init[947]: |         +=@**.+.|
[[0;32m  OK  [0m] Listening on UUID daemon activation socket.
[[   13.973357] [0;32m  OK  [0mcloud-init] [947]: Started Daily Cleanup of Temporary Directories.|        o O.B=B..|

[   13.992683] cloud-init[947]: |       E o.=.Xo*+|
[   13.992934] cloud-init[947]: [|         . .X = *|[0;32m  OK  [0m
] Listening on ACPID Listen Socket.
[[   13.993057] [0;32m  OK  [0mcloud-init] [947]: Started Daily apt upgrade and clean activities.|        S  . *  o|

[   14.008486] cloud-init[947]: |            . + .|
[   14.008742] [cloud-init[0;32m  OK  [0m[947]: ] |             o . |Reached target Timers.

[   14.008805] cloud-init[947]: |              + .|
[   14.028593] cloud-init[947]: |             . o |
[[0;32m  OK  [0m] Listening on Socket activation for snappy daemon.
[[   14.041500] cloud-init[947]: +----[SHA256]-----+
[0;32m  OK  [0m] Listening on LXD - unix socket.
[[   14.049636] cloud-init[947]: Generating public/private dsa key pair.
[0;32m  OK  [0m] Started iSCSI initiator daemon (iscsid).
[   14.056859] cloud-init[947]: Your identification has been saved in /etc/ssh/ssh_host_dsa_key.
[   14.076924] cloud-init[947]: Your public key has been saved in /etc/ssh/ssh_host_dsa_key.pub.
[   14.088974] cloud-init[947]: The key fingerprint is:
[   14.100533] cloud-init[947]: SHA256:YCCShvdywbvwtgi0Ya2j4jSyh7csVp8WdsKjKeEgCzA root@ubuntu-xenial
         Starting Login to default iSCSI targets...
[[   14.111409] [0;32m  OK  [0mcloud-init] [947]: Reached target Sockets.The key's randomart image is:

[   14.116718] cloud-init[947]: +---[DSA 1024]----+
[[0;32m  OK  [0m] Reached target Basic System.
[   14.125538] cloud-init[947]: |o....            |
[   14.140336] cloud-init[947]: |oo..o.           |
[[0;32m  OK  [0m] Started Regular background program processing daemon.
[   14.149352] cloud-init[947]: |.... oo          |
[   14.156308] cloud-init[947]: |E+o.+. .         |
[   14.164986] cloud-init[947]: |+.+=..  S        |
[   14.173296] cloud-init[947]: |== .+* .         |
         Starting /etc/rc.local Compatibility...
[   14.184177] cloud-init[947]: |B*+o=.*          |
[   14.280570] cloud-init[947]: |O*=o.+           |
         Starting Login Service...
[   14.292467] cloud-init[947]: |==+..            |
[   14.308253] cloud-init[947]: +----[SHA256]-----+
         Starting LSB: Record successful boot for GRUB...
[[0;32m  OK  [0m] Started D-Bus System Message Bus.
[   14.323480] cloud-init[947]: Generating public/private ecdsa key pair.
[   14.344699] cloud-init[947]: Your identification has been saved in /etc/ssh/ssh_host_ecdsa_key.
[   14.346599] cloud-init[947]: Your public key has been saved in /etc/ssh/ssh_host_ecdsa_key.pub.
[   14.352606] cloud-init[947]: The key fingerprint is:
[   14.361006] cloud-init[947]: SHA256:oiAxDPyIuhuyUdHkCUyPMuSqsYUbbWtFdk97H+nMSt4 root@ubuntu-xenial
[[0;32m  OK  [0m] Started Deferred execution scheduler.
         Starting Virtualbox guest utils...
         Starting LSB: MD monitoring daemon...
[[0;32m  OK  [0m] Started ACPI event daemon.
         Starting Accounts Service...
[[0;32m  OK  [0m] Started FUSE filesystem for LXC.
[   14.375222] cloud-init[947]: The key's randomart image is:
[   14.400527] cloud-init[947]: +---[ECDSA 256]---+
[   14.400775] cloud-init[947]: |o+o .            |
         Starting Pollinate to seed the pseudo random number generator...
[   14.400880] cloud-init[947]: |=..B .           |
         Starting System Logging Service...
[   14.415362] cloud-init[947]: |*o= B . .        |
[   14.432477] cloud-init[947]: |oO = . o .   .   |
[   14.434523] cloud-init[947]: |B * . . S . o    |
[   14.435629] cloud-init[947]: |oX + . . . = .   |
         Starting LXD - container startup/shutdown...
[   14.445610] cloud-init[947]: |B.o .     . =    |
[   14.460572] cloud-init[947]: |o=       o o     |
         Starting Snap Daemon...
[   14.460829] cloud-init[947]: |o.        o E    |
[   14.468759] cloud-init[947]: +----[SHA256]-----+
[[0;32m  OK  [0m] Started System Logging Service.
[   14.469066] cloud-init[947]: Generating public/private ed25519 key pair.
[   14.511305] cloud-init[947]: Your identification has been saved in /etc/ssh/ssh_host_ed25519_key.
[[0;32m  OK  [0m] Started /etc/rc.local Compatibility.
[   14.511678] cloud-init[947]: Your public key has been saved in /etc/ssh/ssh_host_ed25519_key.pub.
[   14.540352] cloud-init[947]: The key fingerprint is:
[   14.553793] cloud-init[947]: SHA256:Xw0z9mXDWjVCliLk1xxElAvVdJMnWAVt0uPe0nuruSs root@ubuntu-xenial
[[   14.568072] [0;32m  OK  [0mcloud-init] [947]: Started Login Service.The key's randomart image is:

[   14.568170] cloud-init[947]: +--[ED25519 256]--+
[   14.612621] cloud-init[947]: |        ..  *%BO=|
[[0;32m  OK  [0m] Started LSB: Record successful boot for GRUB.
[   14.612833] cloud-init[947]: |        .. o=o*+X|
[   14.656782] cloud-init[947]: |         ...BooB=|
[   14.668409] cloud-init[947]: |          .. Bo+.|
[[0;32m  OK  [0m] Started Unattended Upgrades Shutdown.
[   14.668631] cloud-init[947]: |        S   ..+..|
[   14.692330] cloud-init[947]: |         . .  ..o|
[   14.692549]          cloud-initStarting Authenticate and Authorize Users to Run Privileged Tasks...[947]: 
|          .    ..|
[   14.704461] cloud-init[947]: |           E  ...|
[   14.704664] [cloud-init[0;32m  OK  [0m[947]: ] |            .=+.o|Started LSB: MD monitoring daemon.

[   14.704762] cloud-init[947]: +----[SHA256]-----+
[[0;32m  OK  [0m] Started Login to default iSCSI targets.
[[0;32m  OK  [0m] Reached target Remote File Systems (Pre).
[[0;32m  OK  [0m] Reached target Remote File Systems.
         Starting LSB: daemon to balance interrupts for SMP systems...
         Starting LSB: Set the CPU Frequency Scaling governor to "ondemand"...
         Starting LSB: automatic crash report generation...
         Starting Permit User Sessions...
[[0;32m  OK  [0m] Started Virtualbox guest utils.
[[0;32m  OK  [0m] Started Permit User Sessions.
[[0;32m  OK  [0m] Started LXD - container startup/shutdown.
[[0;32m  OK  [0m] Started Authenticate and Authorize Users to Run Privileged Tasks.
[[0;32m  OK  [0m] Started Accounts Service.
         Starting Terminate Plymouth Boot Screen...
         Starting Hold until boot process finishes up...
[[0;32m  OK  [0m] Started LSB: daemon to balance interrupts for SMP systems.
[[0;32m  OK  [0m] Started Terminate Plymouth Boot Screen.
[[0;32m  OK  [0m] Started Hold until boot process finishes up.
[[0;32m  OK  [0m] Started Serial Getty on ttyS0.
[[0;32m  OK  [0m] Started Getty on tty1.
[[0;32m  OK  [0m] Reached target Login Prompts.
         Starting Set console scheme...
[[0;32m  OK  [0m] Started LSB: Set the CPU Frequency Scaling governor to "ondemand".
[[0;32m  OK  [0m] Started LSB: automatic crash report generation.
[[0;32m  OK  [0m] Started Set console scheme.
[[0;32m  OK  [0m] Started Snap Daemon.
         Starting Wait until snapd is fully seeded...
[[0;32m  OK  [0m] Started Pollinate to seed the pseudo random number generator.
         Starting OpenBSD Secure Shell server...
[[0;32m  OK  [0m] Started OpenBSD Secure Shell server.
[[0;32m  OK  [0m] Started Wait until snapd is fully seeded.
         Starting Apply the settings specified in cloud-config...
[[0;32m  OK  [0m] Reached target Multi-User System.
[[0;32m  OK  [0m] Reached target Graphical Interface.
         Starting Update UTMP about System Runlevel Changes...
[[0;32m  OK  [0m] Started Update UTMP about System Runlevel Changes.
[   16.753030] cloud-init[1288]: Generating locales (this might take a while)...
[   17.819634] cloud-init[1288]:   en_US.UTF-8... done
[   17.828464] cloud-init[1288]: Generation complete.
[[0;32m  OK  [0m] Created slice User Slice of vagrant.
[   18.219888] cloud-init[1288]: Cloud-init v. 21.1-19-gbad84ad4-0ubuntu1~16.04.2 running 'modules:config' at Thu, 17 Jun 2021 14:03:24 +0000. Up 16.59 seconds.
         Starting User Manager for UID 1000...
[[0;32m  OK  [0m] Started Session 1 of user vagrant.
[[0;32m  OK  [0m] Started User Manager for UID 1000.
[[0;32m  OK  [0m] Started Apply the settings specified in cloud-config.
         Starting Execute cloud user/final scripts...
ci-info: no authorized SSH keys fingerprints found for user ubuntu.
<14>Jun 17 14:03:26 ec2: 
<14>Jun 17 14:03:26 ec2: #############################################################
<14>Jun 17 14:03:26 ec2: -----BEGIN SSH HOST KEY FINGERPRINTS-----
<14>Jun 17 14:03:26 ec2: 1024 SHA256:YCCShvdywbvwtgi0Ya2j4jSyh7csVp8WdsKjKeEgCzA root@ubuntu-xenial (DSA)
<14>Jun 17 14:03:26 ec2: 256 SHA256:oiAxDPyIuhuyUdHkCUyPMuSqsYUbbWtFdk97H+nMSt4 root@ubuntu-xenial (ECDSA)
<14>Jun 17 14:03:26 ec2: 256 SHA256:Xw0z9mXDWjVCliLk1xxElAvVdJMnWAVt0uPe0nuruSs root@ubuntu-xenial (ED25519)
<14>Jun 17 14:03:26 ec2: 2048 SHA256:dc199xfgs1HhowwEd5+A1LBzxr6fGA0S1KVGJEQyXoo root@ubuntu-xenial (RSA)
<14>Jun 17 14:03:26 ec2: -----END SSH HOST KEY FINGERPRINTS-----
<14>Jun 17 14:03:26 ec2: #############################################################
-----BEGIN SSH HOST KEY KEYS-----
ecdsa-sha2-nistp256 AAAAE2VjZHNhLXNoYTItbmlzdHAyNTYAAAAIbmlzdHAyNTYAAABBBDHnYdZ0NsEBbrO6X4lO8mrwbyBlQNgJ11PcRiYR0nIzM6LbS+KsOcRkUbj08E/Llq2vrFhmfa3ehGsm2Md5OHA= root@ubuntu-xenial
ssh-ed25519 AAAAC3NzaC1lZDI1NTE5AAAAIAK37EBjo81NGC/yD6XInOetaWm0+Uqeq0qx4NheDSeN root@ubuntu-xenial
ssh-rsa AAAAB3NzaC1yc2EAAAADAQABAAABAQDF4cy3XGCBCrmfeFnDgb6qKyJ1iQJaQjI5tK0PAZnP4BL7cjKwvqcso1MeC4HRQg329CV89QVgmiXM1pfw7BGX0fhWekN/Ued+V71WvqM/wXXGrr3vgwulcqNL6jw0sbkAXjHMqEDdii/S6KssM41JstDekDqWBh+TOaGlYRnbgRWGcFpDrc+My6axhpasZi1/eKLUj7Ambn0//vpmX+ol39atnNtyRLmfuQiwCWZJ6ROxMgKavUfpSUmRBcy3E8AdE/ooR15+BKi6l0vBYqQNUJz1p+QPVtD61QT1AlrbcD2LK/rEceh9gfOY4YRUzG0muQIH+OvvP/0rh//s3tKL root@ubuntu-xenial
-----END SSH HOST KEY KEYS-----
[   19.001510] cloud-init[1354]: Cloud-init v. 21.1-19-gbad84ad4-0ubuntu1~16.04.2 running 'modules:final' at Thu, 17 Jun 2021 14:03:26 +0000. Up 18.73 seconds.
[   19.008448] cloud-init[1354]: ci-info: no authorized SSH keys fingerprints found for user ubuntu.
[   19.016410] cloud-init[1354]: Cloud-init v. 21.1-19-gbad84ad4-0ubuntu1~16.04.2 finished at Thu, 17 Jun 2021 14:03:26 +0000. Datasource DataSourceNoCloud [seed=/dev/sdb][dsmode=net].  Up 18.99 seconds
[[0;32m  OK  [0m] Started Execute cloud user/final scripts.
[[0;32m  OK  [0m] Reached target Cloud-init target.

Ubuntu 16.04.7 LTS ubuntu-xenial ttyS0

ubuntu-xenial login: 